package ch.systemsx.cisd.openbis.plugin.screening.shared;

import ch.systemsx.cisd.openbis.generic.shared.IPluginCommonServer;

public interface IScreeningServer extends IPluginCommonServer
{
}
