/*
 * Copyright 2008 ETH Zuerich, CISD
 *
 * Licensed under the Apache License, Version 2.0 (the "License");
 * you may not use this file except in compliance with the License.
 * You may obtain a copy of the License at
 *
 *      http://www.apache.org/licenses/LICENSE-2.0
 *
 * Unless required by applicable law or agreed to in writing, software
 * distributed under the License is distributed on an "AS IS" BASIS,
 * WITHOUT WARRANTIES OR CONDITIONS OF ANY KIND, either express or implied.
 * See the License for the specific language governing permissions and
 * limitations under the License.
 */

package ch.systemsx.cisd.openbis.plugin.demo.shared;

import org.springframework.transaction.annotation.Transactional;

import ch.systemsx.cisd.openbis.generic.shared.IPluginCommonServer;
import ch.systemsx.cisd.openbis.generic.shared.authorization.annotation.RoleSet;
import ch.systemsx.cisd.openbis.generic.shared.authorization.annotation.RolesAllowed;

/**
 * The <i>demo</i> server.
 * 
 * @author Christian Ribeaud
 */
public interface IDemoServer extends IPluginCommonServer
{
    /**
     * Returns number of experiments.
     */
    @Transactional
    @RolesAllowed(RoleSet.OBSERVER)
    public int getNumberOfExperiments(String sessionToken);
}
